rungs ['W0.5', 'dana', 'W2', 'devon', 'W8'] years [1928, 1932, 1966, 1973, 1983, 1999] arms ['loop', 'h:13000'] maxTime 600.0
W0.5/1928 loop solved oscillatory bequest 1093026.5033598721 occupancy {'SS': [0, 13, 8, 2], 'IRMAA': [25, 0, 0, 0, 0, 0], 'LTCG': [27, 0, 0], 'NIIT_years': 0}
W0.5/1928 h:13000 solved oscillatory bequest 1096060.4560913662 gain 3033.9527314940933 gap 2.5e-06 0.2s {'ss_free': 0, 'ss_active': 23} audit>1 {'state': 10.08}
W0.5/1932 loop solved oscillatory bequest 2265938.6306419913 occupancy {'SS': [0, 0, 7, 16], 'IRMAA': [25, 0, 0, 0, 0, 0], 'LTCG': [25, 2, 0], 'NIIT_years': 0}
W0.5/1932 h:13000 solved oscillatory bequest 2290401.661631051 gain 24463.030989059713 gap 4.1e-16 0.1s {'ss_free': 0, 'ss_active': 23} audit>1 {'ss_taxable_income': 1.6}
W0.5/1966 loop solved oscillatory bequest 241476.09709022334 occupancy {'SS': [0, 0, 23, 0], 'IRMAA': [25, 0, 0, 0, 0, 0], 'LTCG': [27, 0, 0], 'NIIT_years': 0}
W0.5/1966 h:13000 solved oscillatory bequest 250458.4099844036 gain 8982.312894180272 gap 0.0e+00 0.2s {'ss_free': 0, 'ss_active': 23} audit>1 {'ss_taxable_income': 6.31}
W0.5/1973 loop solved oscillatory bequest 684286.3576735684 occupancy {'SS': [0, 0, 21, 2], 'IRMAA': [25, 0, 0, 0, 0, 0], 'LTCG': [27, 0, 0], 'NIIT_years': 0}
W0.5/1973 h:13000 solved oscillatory bequest 695028.3537957973 gain 10741.996122228913 gap 0.0e+00 0.3s {'ss_free': 0, 'ss_active': 23} audit>1 {'ss_taxable_income': 6.09}
W0.5/1983 loop solved monotonic bequest 2373735.0360988504 occupancy {'SS': [0, 0, 1, 22], 'IRMAA': [25, 0, 0, 0, 0, 0], 'LTCG': [25, 2, 0], 'NIIT_years': 0}
W0.5/1983 h:13000 solved oscillatory bequest 2374673.6693300726 gain 938.6332312221639 gap 0.0e+00 0.1s {'ss_free': 0, 'ss_active': 23} audit>1 {}
W0.5/1999 loop solved oscillatory bequest 745549.8771394518 occupancy {'SS': [0, 0, 23, 0], 'IRMAA': [25, 0, 0, 0, 0, 0], 'LTCG': [27, 0, 0], 'NIIT_years': 0}
W0.5/1999 h:13000 solved oscillatory bequest 756839.6481439853 gain 11289.771004533512 gap 0.0e+00 0.2s {'ss_free': 0, 'ss_active': 23} audit>1 {'ss_taxable_income': 2.42}
dana/1928 loop solved monotonic bequest 1938963.8967773304 occupancy {'SS': [0, 0, 4, 19], 'IRMAA': [24, 1, 0, 0, 0, 0], 'LTCG': [0, 27, 0], 'NIIT_years': 0}
dana/1928 h:13000 solved monotonic bequest 1947015.5319418593 gain 8051.635164528852 gap 3.5e-05 1.0s {'ss_free': 2, 'ss_active': 23} audit>1 {'state': 22.49}
dana/1932 loop solved oscillatory bequest 4166120.2581740185 occupancy {'SS': [0, 0, 0, 23], 'IRMAA': [21, 4, 0, 0, 0, 0], 'LTCG': [0, 27, 0], 'NIIT_years': 0}
dana/1932 h:13000 solved monotonic bequest 4191503.922438395 gain 25383.66426437674 gap 0.0e+00 1.5s {'ss_free': 3, 'ss_active': 23} audit>1 {}
dana/1966 loop solved oscillatory bequest 432517.68312049605 occupancy {'SS': [0, 0, 9, 14], 'IRMAA': [25, 0, 0, 0, 0, 0], 'LTCG': [14, 13, 0], 'NIIT_years': 8}
dana/1966 h:13000 solved oscillatory bequest 448553.08291077864 gain 16035.399790282594 gap 0.0e+00 0.6s {'ss_free': 0, 'ss_active': 23} audit>1 {'ss_taxable_income': 1.17, 'std_deduction_used_minus_true': 1.26, 'state': 2.63}
dana/1973 loop solved oscillatory bequest 1376556.170113916 occupancy {'SS': [0, 0, 1, 22], 'IRMAA': [25, 0, 0, 0, 0, 0], 'LTCG': [9, 18, 0], 'NIIT_years': 7}
dana/1973 h:13000 solved oscillatory bequest 1383698.1171922274 gain 7141.94707831135 gap 0.0e+00 0.4s {'ss_free': 0, 'ss_active': 23} audit>1 {'std_deduction_used_minus_true': 4.28}
dana/1983 loop solved oscillatory bequest 4338025.874568543 occupancy {'SS': [0, 0, 0, 23], 'IRMAA': [17, 8, 0, 0, 0, 0], 'LTCG': [0, 27, 0], 'NIIT_years': 2}
dana/1983 h:13000 solved monotonic bequest 4368650.823477788 gain 30624.9489092445 gap 5.7e-05 1.9s {'ss_free': 6, 'ss_active': 23} audit>1 {}
dana/1999 loop solved oscillatory bequest 1344678.4738009428 occupancy {'SS': [0, 0, 0, 23], 'IRMAA': [25, 0, 0, 0, 0, 0], 'LTCG': [0, 27, 0], 'NIIT_years': 0}
dana/1999 h:13000 solved monotonic bequest 1346904.9005484388 gain 2226.426747496007 gap 6.0e-06 0.6s {'ss_free': 0, 'ss_active': 23} audit>1 {'std_deduction_used_minus_true': 2.85}
W2/1928 loop solved monotonic bequest 3604257.1103295702 occupancy {'SS': [0, 0, 0, 23], 'IRMAA': [4, 17, 3, 0, 1, 0], 'LTCG': [0, 27, 0], 'NIIT_years': 4}
W2/1928 h:13000 solved monotonic bequest 3683979.525332136 gain 79722.41500256583 gap 0.0e+00 1195.4s {'ss_free': 20, 'ss_active': 23} audit>1 {'medicare_tol1': 1148.41}
W2/1932 loop solved monotonic bequest 7819007.355547885 occupancy {'SS': [0, 0, 0, 23], 'IRMAA': [0, 11, 6, 1, 7, 0], 'LTCG': [0, 27, 0], 'NIIT_years': 16}
W2/1932 h:13000 solved monotonic bequest 7861085.616965998 gain 42078.261418112554 gap 0.0e+00 207.4s {'ss_free': 16, 'ss_active': 23} audit>1 {}
W2/1966 loop solved oscillatory bequest 844901.4358799938 occupancy {'SS': [0, 0, 0, 23], 'IRMAA': [23, 2, 0, 0, 0, 0], 'LTCG': [0, 27, 0], 'NIIT_years': 13}
W2/1966 h:13000 solved oscillatory bequest 850967.5097031607 gain 6066.073823166895 gap 0.0e+00 2.7s {'ss_free': 2, 'ss_active': 23} audit>1 {}
W2/1973 loop solved monotonic bequest 2720444.154421764 occupancy {'SS': [0, 0, 0, 23], 'IRMAA': [25, 0, 0, 0, 0, 0], 'LTCG': [0, 27, 0], 'NIIT_years': 19}
W2/1973 h:13000 solved oscillatory bequest 2714740.7614424396 gain -5703.39297932433 gap 0.0e+00 19.8s {'ss_free': 18, 'ss_active': 23} audit>1 {'std_deduction_used_minus_true': 1.55}
W2/1983 loop solved monotonic bequest 8136990.228926209 occupancy {'SS': [0, 0, 0, 23], 'IRMAA': [0, 5, 4, 4, 12, 0], 'LTCG': [0, 27, 0], 'NIIT_years': 24}
W2/1983 h:13000 solved monotonic bequest 8178707.258512249 gain 41717.029586040415 gap 2.0e-04 673.9s {'ss_free': 10, 'ss_active': 23} audit>1 {'medicare_tol1': 1722.03}
W2/1999 loop solved monotonic bequest 2533241.864778249 occupancy {'SS': [0, 0, 0, 23], 'IRMAA': [14, 10, 1, 0, 0, 0], 'LTCG': [0, 27, 0], 'NIIT_years': 5}
W2/1999 h:13000 solved monotonic bequest 2561720.4487708067 gain 28478.5839925576 gap 0.0e+00 205.9s {'ss_free': 20, 'ss_active': 23} audit>1 {}
devon/1928 loop solved oscillatory bequest 6969888.505912005 occupancy {'SS': [0, 0, 0, 23], 'IRMAA': [0, 3, 0, 1, 21, 0], 'LTCG': [0, 27, 0], 'NIIT_years': 21}
devon/1928 h:13000 solved monotonic bequest 7007905.051568948 gain 38016.54565694276 gap 0.0e+00 391.3s {'ss_free': 6, 'ss_active': 23} audit>1 {}
devon/1932 loop solved oscillatory bequest 15145007.15092416 occupancy {'SS': [0, 0, 0, 23], 'IRMAA': [0, 0, 0, 0, 24, 1], 'LTCG': [0, 25, 2], 'NIIT_years': 27}
devon/1932 h:13000 solved monotonic bequest 15164673.328962848 gain 19666.178038688377 gap 0.0e+00 57.9s {'ss_free': 2, 'ss_active': 23} audit>1 {}
devon/1966 loop solved oscillatory bequest 1611718.7779174044 occupancy {'SS': [0, 0, 0, 23], 'IRMAA': [1, 12, 3, 7, 2, 0], 'LTCG': [0, 27, 0], 'NIIT_years': 24}
devon/1966 h:13000 solved monotonic bequest 1660315.67538501 gain 48596.89746760554 gap 0.0e+00 141.7s {'ss_free': 20, 'ss_active': 23} audit>1 {}
devon/1973 loop solved monotonic bequest 5213366.650037093 occupancy {'SS': [0, 0, 0, 23], 'IRMAA': [1, 6, 4, 9, 5, 0], 'LTCG': [0, 27, 0], 'NIIT_years': 27}
devon/1973 h:13000 solved oscillatory bequest 5299765.509738287 gain 86398.85970119387 gap 0.0e+00 239.9s {'ss_free': 14, 'ss_active': 23} audit>1 {'niit': 422.34, 'medicare_tol1': 1721.98}
devon/1983 loop solved monotonic bequest 15759464.207485262 occupancy {'SS': [0, 0, 0, 23], 'IRMAA': [0, 0, 0, 0, 19, 6], 'LTCG': [0, 22, 5], 'NIIT_years': 27}
devon/1983 h:13000 solved monotonic bequest 15765262.130256454 gain 5797.9227711912245 gap 5.1e-05 14.2s {'ss_free': 3, 'ss_active': 23} audit>1 {}
devon/1999 loop solved oscillatory bequest 4822909.9508905895 occupancy {'SS': [0, 0, 0, 23], 'IRMAA': [0, 4, 4, 1, 16, 0], 'LTCG': [0, 27, 0], 'NIIT_years': 23}
devon/1999 h:13000 solved monotonic bequest 4869475.164081981 gain 46565.2131913919 gap 0.0e+00 893.3s {'ss_free': 11, 'ss_active': 23} audit>1 {}
W8/1928 loop solved oscillatory bequest 13897788.05761924 occupancy {'SS': [0, 0, 0, 23], 'IRMAA': [0, 0, 0, 0, 18, 7], 'LTCG': [0, 20, 7], 'NIIT_years': 27}
W8/1928 h:13000 solved monotonic bequest 13904185.8535804 gain 6397.795961160213 gap 0.0e+00 34.0s {'ss_free': 2, 'ss_active': 23} audit>1 {}
W8/1932 loop solved oscillatory bequest 29616974.036869377 occupancy {'SS': [0, 0, 0, 23], 'IRMAA': [0, 0, 0, 0, 6, 19], 'LTCG': [0, 4, 23], 'NIIT_years': 27}
W8/1932 h:13000 solved monotonic bequest 29656909.17213345 gain 39935.13526407257 gap 6.4e-05 15.9s {'ss_free': 1, 'ss_active': 23} audit>1 {}
W8/1966 loop solved monotonic bequest 3246331.696655945 occupancy {'SS': [0, 0, 0, 23], 'IRMAA': [0, 0, 0, 2, 23, 0], 'LTCG': [0, 27, 0], 'NIIT_years': 27}
W8/1966 h:13000 solved monotonic bequest 3277662.613534412 gain 31330.91687846696 gap 0.0e+00 105.1s {'ss_free': 2, 'ss_active': 23} audit>1 {}
W8/1973 loop solved oscillatory (cycle length 2) bequest 10640871.283819325 occupancy {'SS': [0, 0, 0, 23], 'IRMAA': [0, 0, 0, 2, 18, 5], 'LTCG': [0, 21, 6], 'NIIT_years': 27}
W8/1973 h:13000 solved monotonic bequest 10702574.219687248 gain 61702.93586792238 gap 0.0e+00 96.4s {'ss_free': 4, 'ss_active': 23} audit>1 {'niit': 1.68}
W8/1983 loop solved oscillatory bequest 30596552.982850738 occupancy {'SS': [0, 0, 0, 23], 'IRMAA': [0, 0, 0, 0, 0, 25], 'LTCG': [0, 0, 27], 'NIIT_years': 27}
W8/1983 h:13000 solved monotonic bequest 30597795.790992565 gain 1242.8081418275833 gap 0.0e+00 5.1s {'ss_free': 0, 'ss_active': 23} audit>1 {}
W8/1999 loop solved oscillatory bequest 9699634.20531193 occupancy {'SS': [0, 0, 0, 23], 'IRMAA': [0, 0, 0, 0, 18, 7], 'LTCG': [0, 20, 7], 'NIIT_years': 27}
W8/1999 h:13000 solved monotonic bequest 9710187.069604548 gain 10552.864292617887 gap 0.0e+00 14.2s {'ss_free': 2, 'ss_active': 23} audit>1 {}
done
