1999: loop solved monotonic bequest 1,345,053.04 (0.1s) | ALL4 solved oscillatory bequest 1,344,639.54 gap 9.0e-02 (28520.7s)
  SS   : 12 flipped of 23 active years; loop distance to boundary in flipped years (today's $): [1252, 2069, 2661, 3575, 3595, 4188, 4510, 5483, 5786, 6890, 9100, 10636]
      2032: regime 3 -> 2, loop 1,252 from boundary, income change -14,272
      2033: regime 3 -> 2, loop 2,069 from boundary, income change -14,272
      2034: regime 3 -> 2, loop 2,661 from boundary, income change -14,272
      2035: regime 3 -> 2, loop 3,575 from boundary, income change -14,272
      2036: regime 3 -> 2, loop 3,595 from boundary, income change -14,271
      2037: regime 3 -> 2, loop 4,188 from boundary, income change -5,205
      2038: regime 3 -> 2, loop 4,510 from boundary, income change -14,272
      2040: regime 3 -> 2, loop 5,483 from boundary, income change -13,450
      2041: regime 3 -> 2, loop 5,786 from boundary, income change -5,940
      2045: regime 3 -> 2, loop 6,890 from boundary, income change -14,203
      2049: regime 3 -> 2, loop 9,100 from boundary, income change -13,770
      2051: regime 3 -> 2, loop 10,636 from boundary, income change -14,110
      unflipped years: distance to boundary median 7,667, min 5,127
  IRMAA: 0 flipped of 27 active years; loop distance to boundary in flipped years (today's $): []
      unflipped years: distance to boundary median 45,199, min 9,000
  LTCG : 12 flipped of 27 active years; loop distance to boundary in flipped years (today's $): [2660, 6053, 6070, 6070, 6070, 6070, 6070, 6070, 6070, 6070, 6070, 6070]
      2026: regime 1 -> 0, loop 2,660 from boundary, income change -9,905
      2032: regime 1 -> 0, loop 6,070 from boundary, income change -25,339
      2033: regime 1 -> 0, loop 6,070 from boundary, income change -24,644
      2034: regime 1 -> 0, loop 6,070 from boundary, income change -24,141
      2035: regime 1 -> 0, loop 6,070 from boundary, income change -23,364
      2036: regime 1 -> 0, loop 6,070 from boundary, income change -23,346
      2038: regime 1 -> 0, loop 6,070 from boundary, income change -22,570
      2040: regime 1 -> 0, loop 6,070 from boundary, income change -20,222
      2041: regime 1 -> 0, loop 6,070 from boundary, income change -6,070
      2045: regime 1 -> 0, loop 6,070 from boundary, income change -20,418
      2049: regime 1 -> 0, loop 6,070 from boundary, income change -17,740
      2051: regime 1 -> 0, loop 6,053 from boundary, income change -17,046
      unflipped years: distance to boundary median 6,070, min 950
