1928: loop solved oscillatory bequest 1,941,722.52 (0.2s) | ALL4 solved oscillatory bequest 1,977,853.67 gap 6.9e-02 (9875.7s)
  SS   : 12 flipped of 23 active years; loop distance to boundary in flipped years (today's $): [2621, 3184, 4260, 4750, 4775, 4775, 5025, 5366, 5761, 8207, 9646, 24977]
      2031: regime 3 -> 2, loop 24,977 from boundary, income change -30,134
      2032: regime 3 -> 1, loop 2,621 from boundary, income change -25,441
      2033: regime 3 -> 2, loop 3,184 from boundary, income change -14,099
      2034: regime 3 -> 1, loop 4,260 from boundary, income change -27,383
      2035: regime 3 -> 2, loop 4,775 from boundary, income change -18,667
      2036: regime 3 -> 2, loop 5,761 from boundary, income change -17,229
      2037: regime 3 -> 2, loop 4,775 from boundary, income change -22,301
      2039: regime 3 -> 2, loop 5,025 from boundary, income change -21,544
      2040: regime 3 -> 2, loop 8,207 from boundary, income change -14,768
      2041: regime 3 -> 2, loop 9,646 from boundary, income change -25,628
      2046: regime 3 -> 2, loop 4,750 from boundary, income change -12,060
      2047: regime 3 -> 2, loop 5,366 from boundary, income change -10,180
      unflipped years: distance to boundary median 6,109, min 1,314
  IRMAA: 1 flipped of 27 active years; loop distance to boundary in flipped years (today's $): [2666]
      2032: regime 1 -> 0, loop 2,666 from boundary, income change -2,666
      unflipped years: distance to boundary median 32,970, min 8,242
  LTCG : 13 flipped of 27 active years; loop distance to boundary in flipped years (today's $): [1820, 4464, 6070, 6070, 19062, 20345, 20345, 20345, 20345, 20345, 20345, 20345, 20345]
      2032: regime 1 -> 0, loop 20,345 from boundary, income change -44,839
      2033: regime 1 -> 0, loop 20,345 from boundary, income change -23,377
      2034: regime 1 -> 0, loop 20,345 from boundary, income change -47,037
      2035: regime 1 -> 0, loop 20,345 from boundary, income change -30,475
      2036: regime 1 -> 0, loop 20,345 from boundary, income change -26,977
      2037: regime 1 -> 0, loop 20,345 from boundary, income change -37,199
      2038: regime 1 -> 0, loop 1,820 from boundary, income change -1,820
      2039: regime 1 -> 0, loop 20,345 from boundary, income change -35,586
      2040: regime 1 -> 0, loop 20,345 from boundary, income change -20,345
      2041: regime 1 -> 0, loop 19,062 from boundary, income change -39,143
      2043: regime 1 -> 0, loop 4,464 from boundary, income change -4,464
      2046: regime 1 -> 0, loop 6,070 from boundary, income change -18,273
      2047: regime 1 -> 0, loop 6,070 from boundary, income change -14,272
      unflipped years: distance to boundary median 6,070, min 3,929
